// Jest Snapshot v1, https://goo.gl/fbAQLP

exports[`<PostCard/> should match snapshot 1`] = `
<div
  class="post"
>
  <img
    alt="Fernando lindo"
    src="porno/porno.png"
  />
  <div
    class="post-content"
  >
    <h1>
      1
    </h1>
    <h2>
      Fernando lindo
    </h2>
    <h3>
      Body 01
    </h3>
  </div>
</div>
`;
